###############################################################################
#
# IAR ELF Linker V8.50.9.278/W32 for ARM                  11/Apr/2021  02:51:50
# Copyright 2007-2020 IAR Systems AB.
#
#    Output file  =  C:\Arm Exercises\UART\Debug\Exe\UART.out
#    Map file     =  C:\Arm Exercises\UART\Debug\List\UART.map
#    Command line =
#        -f C:\Users\G4F80~1.VER\AppData\Local\Temp\EWE7F1.tmp ("C:\Arm
#        Exercises\UART\Debug\Obj\main.o" "C:\Arm
#        Exercises\UART\Debug\Obj\uart.o" --no_out_extension -o "C:\Arm
#        Exercises\UART\Debug\Exe\UART.out" --redirect _Printf=_PrintfFullNoMb
#        --redirect _Scanf=_ScanfFullNoMb --map "C:\Arm
#        Exercises\UART\Debug\List\UART.map" --config "C:\Program Files
#        (x86)\IAR Systems\Embedded Workbench
#        8.4\arm\config\linker\TexasInstruments\TM4C123GH6.icf" --semihosting
#        --entry __iar_program_start --vfe --text_out locale)
#
###############################################################################

*******************************************************************************
*** RUNTIME MODEL ATTRIBUTES
***

CppFlavor       = *
__SystemLibrary = DLib
__dlib_version  = 6


*******************************************************************************
*** HEAP SELECTION
***

The basic heap was selected because some modules are built with
size limitations (and not runtime checking), and --advanced_heap
was not specified.


*******************************************************************************
*** PLACEMENT SUMMARY
***

"A0":  place at address 0x0 { ro section .intvec };
"P1":  place in [from 0x0 to 0x3'ffff] { ro };
define block CSTACK with size = 4K, alignment = 8 { };
define block HEAP with size = 8K, alignment = 8 { };
"P2":  place in [from 0x2000'0000 to 0x2000'7fff] {
          rw, block CSTACK, block HEAP };

No sections matched the following patterns:

  rw  in "P2"


  Section   Kind         Address    Size  Object
  -------   ----         -------    ----  ------
"A0":                               0x40
  .intvec   ro code          0x0    0x40  vector_table_M.o [4]
                          - 0x40    0x40

"P1":                              0x38c
  .text     ro code         0x40   0x2c8  uart.o [1]
  .text     ro code        0x308    0x30  main.o [1]
  .text     ro code        0x338    0x22  fpinit_M.o [3]
  .text     ro code        0x35a     0x2  vector_table_M.o [4]
  .text     ro code        0x35c    0x1e  cmain.o [4]
  .text     ro code        0x37a     0x4  low_level_init.o [2]
  .text     ro code        0x37e     0x4  exit.o [2]
  .text     ro code        0x384     0xa  cexit.o [4]
  .text     ro code        0x390    0x14  exit.o [5]
  .text     ro code        0x3a4    0x1c  cstartup_M.o [4]
  .rodata   const          0x3c0     0x8  main.o [1]
  .rodata   const          0x3c8     0x4  main.o [1]
                         - 0x3cc   0x38c

"P2":                             0x1000
  CSTACK             0x2000'0000  0x1000  <Block>
    CSTACK  uninit   0x2000'0000  0x1000  <Block tail>
                   - 0x2000'1000  0x1000

Unused ranges:

         From           To      Size
         ----           --      ----
        0x3cc     0x3'ffff  0x3'fc34
  0x2000'1000  0x2000'7fff    0x7000



*******************************************************************************
*** MODULE SUMMARY
***

    Module            ro code  ro data  rw data
    ------            -------  -------  -------
command line/config:
    -------------------------------------------
    Total:

C:\Arm Exercises\UART\Debug\Obj: [1]
    main.o                 48       12
    uart.o                712
    -------------------------------------------
    Total:                760       12

dl7M_tln.a: [2]
    exit.o                  4
    low_level_init.o        4
    -------------------------------------------
    Total:                  8

m7M_tls.a: [3]
    fpinit_M.o             34
    -------------------------------------------
    Total:                 34

rt7M_tl.a: [4]
    cexit.o                10
    cmain.o                30
    cstartup_M.o           28
    vector_table_M.o       66
    -------------------------------------------
    Total:                134

shb_l.a: [5]
    exit.o                 20
    -------------------------------------------
    Total:                 20

    Gaps                    4
    Linker created                        4'096
-----------------------------------------------
    Grand Total:          960       12    4'096


*******************************************************************************
*** ENTRY LIST
***

Entry                     Address   Size  Type      Object
-----                     -------   ----  ----      ------
?main                       0x35d         Code  Gb  cmain.o [4]
CSTACK$$Base          0x2000'0000          --   Gb  - Linker created -
CSTACK$$Limit         0x2000'1000          --   Gb  - Linker created -
Region$$Table$$Base           0x0          --   Gb  - Linker created -
Region$$Table$$Limit          0x0          --   Gb  - Linker created -
UART_Init                    0x41  0x218  Code  Gb  uart.o [1]
UART_Send_Byte              0x259   0x54  Code  Gb  uart.o [1]
UART_sendString             0x2ed   0x1c  Code  Gb  uart.o [1]
__cmain                     0x35d         Code  Gb  cmain.o [4]
__exit                      0x391   0x14  Code  Gb  exit.o [5]
__iar_init_vfp              0x339         Code  Gb  fpinit_M.o [3]
__iar_program_start         0x3a5         Code  Gb  cstartup_M.o [4]
__low_level_init            0x37b    0x4  Code  Gb  low_level_init.o [2]
__vector_table                0x0         Data  Gb  vector_table_M.o [4]
_call_main                  0x369         Code  Gb  cmain.o [4]
_exit                       0x385         Code  Gb  cexit.o [4]
_main                       0x373         Code  Gb  cmain.o [4]
exit                        0x37f    0x4  Code  Gb  exit.o [2]
main                        0x309   0x30  Code  Gb  main.o [1]


[1] = C:\Arm Exercises\UART\Debug\Obj
[2] = dl7M_tln.a
[3] = m7M_tls.a
[4] = rt7M_tl.a
[5] = shb_l.a

    960 bytes of readonly  code memory
     12 bytes of readonly  data memory
  4'096 bytes of readwrite data memory

Errors: none
Warnings: none
